
> ***@1.0.13 test
> jest __tests__/lib/rbac.test.js

node.exe : FAIL __tests__/lib/rbac.test.js
At line:1 char:1
+ & "C:\Program Files\nodejs/node.exe" "C:\Program 
Files\nodejs/node_mo ...
+ ~~~~~~~~~~~~~~~~~~~~~~~~~~~~~~~~~~~~~~~~~~~~~~~~~
~~~~~~~~~~~~~~~~~~~~
    + CategoryInfo          : NotSpecified: (FAIL  
   __tests__/lib/rbac.test.js:String) [], RemoteE  
  xception
    + FullyQualifiedErrorId : NativeCommandError
 
  RBAC - requireRole
    ├ù should allow Admin for all roles (5 ms)
    ├ù should allow PM for PM-only roles
    ├ù should deny Vendor access to Admin routes 
(2 ms)
    ΓêÜ should deny Finance User access to PM-only 
routes (1 ms)
    ├ù should allow Finance User access to Finance 
routes (1 ms)
  RBAC - checkPermission
    ΓêÜ Admin should have all permissions (2 ms)
    ΓêÜ PM should be able to approve assigned 
project invoices (1 ms)
    ΓêÜ PM should NOT approve unassigned project 
invoices (1 ms)
    ΓêÜ Vendor should be able to submit invoices 
(1 ms)
    ΓêÜ Vendor should NOT manage users
    ΓêÜ Finance User should be able to perform HIL 
review
    ├ù Finance User should be able to finalize 
payment (1 ms)
  RBAC - getVisibleFields
    ├ù Admin should see all invoice fields (2 ms)
    ΓêÜ Vendor should see limited invoice fields
    ΓêÜ PM should see project-relevant fields (1 
ms)
  RBAC - canAccessRoute
    ├ù Admin should access /admin routes
    ├ù PM should access /pm routes
    ΓêÜ PM should NOT access /admin routes (1 ms)
    ├ù Vendor should access /vendor routes (1 ms)
    ΓêÜ Vendor should NOT access /finance routes 
(1 ms)
    ├ù Finance User should access /finance routes 
(1 ms)
  RBAC - getAllowedInvoiceActions
    ΓêÜ Admin should have all invoice actions (1 
ms)
    ΓêÜ PM should have approve/reject for assigned 
projects
    ΓêÜ Vendor should only VIEW own invoices
    ├ù Finance User should have approve for 
HIL-reviewed invoices (1 ms)

  ΓùÅ RBAC - requireRole ΓÇ║ should allow Admin 
for all roles

    expect(received).toBe(expected) // Object.is 
equality

    Expected: true
    Received: false

    [0m [90m 19 |[39m         [36mconst[39m 
adminUser [33m=[39m { id[33m:[39m 
[32m'1'[39m[33m,[39m role[33m:[39m 
[33mROLES[39m[33m.[39m[33mADMIN[39m 
}[33m;[39m
     [90m 20 |[39m         [36mconst[39m check 
[33m=[39m requireRole([[33mROLES[39m[33m.[39m
[33mADMIN[39m[33m,[39m [33mROLES[39m[33m.[3
9m[33mPROJECT_MANAGER[39m])[33m;[39m
    [31m[1m>[22m[39m[90m 21 |[39m         exp
ect(check(adminUser)[33m.[39mallowed)[33m.[39mt
oBe([36mtrue[39m)[33m;[39m
     [90m    |[39m                               
           [31m[1m^[22m[39m
     [90m 22 |[39m     })[33m;[39m
     [90m 23 |[39m
     [90m 24 |[39m     test([32m'should allow 
PM for PM-only roles'[39m[33m,[39m () 
[33m=>[39m {[0m

      at Object.toBe 
(__tests__/lib/rbac.test.js:21:42)

  ΓùÅ RBAC - requireRole ΓÇ║ should allow PM for 
PM-only roles

    expect(received).toBe(expected) // Object.is 
equality

    Expected: true
    Received: false

    [0m [90m 25 |[39m         [36mconst[39m 
pmUser [33m=[39m { id[33m:[39m 
[32m'2'[39m[33m,[39m role[33m:[39m [33mROLES
[39m[33m.[39m[33mPROJECT_MANAGER[39m 
}[33m;[39m
     [90m 26 |[39m         [36mconst[39m check 
[33m=[39m requireRole([[33mROLES[39m[33m.[39m
[33mPROJECT_MANAGER[39m])[33m;[39m
    [31m[1m>[22m[39m[90m 27 |[39m         exp
ect(check(pmUser)[33m.[39mallowed)[33m.[39mtoBe
([36mtrue[39m)[33m;[39m
     [90m    |[39m                               
        [31m[1m^[22m[39m
     [90m 28 |[39m     })[33m;[39m
     [90m 29 |[39m
     [90m 30 |[39m     test([32m'should deny 
Vendor access to Admin routes'[39m[33m,[39m () 
[33m=>[39m {[0m

      at Object.toBe 
(__tests__/lib/rbac.test.js:27:39)

  ΓùÅ RBAC - requireRole ΓÇ║ should deny Vendor 
access to Admin routes

    expect(received).toContain(expected) // indexOf

    Expected substring: "not allowed"
    Received string:    "User account is 
deactivated"

    [0m [90m 32 |[39m         [36mconst[39m 
check [33m=[39m requireRole([[33mROLES[39m[33m
.[39m[33mADMIN[39m])[33m;[39m
     [90m 33 |[39m         expect(check(vendorUse
r)[33m.[39mallowed)[33m.[39mtoBe([36mfalse[39
m)[33m;[39m
    [31m[1m>[22m[39m[90m 34 |[39m         exp
ect(check(vendorUser)[33m.[39mreason)[33m.[39mt
oContain([32m'not allowed'[39m)[33m;[39m
     [90m    |[39m                               
           [31m[1m^[22m[39m
     [90m 35 |[39m     })[33m;[39m
     [90m 36 |[39m
     [90m 37 |[39m     test([32m'should deny 
Finance User access to PM-only 
routes'[39m[33m,[39m () [33m=>[39m {[0m

      at Object.toContain 
(__tests__/lib/rbac.test.js:34:42)

  ΓùÅ RBAC - requireRole ΓÇ║ should allow Finance 
User access to Finance routes

    expect(received).toBe(expected) // Object.is 
equality

    Expected: true
    Received: false

    [0m [90m 44 |[39m         [36mconst[39m 
financeUser [33m=[39m { id[33m:[39m 
[32m'4'[39m[33m,[39m role[33m:[39m 
[33mROLES[39m[33m.[39m[33mFINANCE_USER[39m 
}[33m;[39m
     [90m 45 |[39m         [36mconst[39m check 
[33m=[39m requireRole([[33mROLES[39m[33m.[39m
[33mFINANCE_USER[39m[33m,[39m [33mROLES[39m[
33m.[39m[33mADMIN[39m])[33m;[39m
    [31m[1m>[22m[39m[90m 46 |[39m         exp
ect(check(financeUser)[33m.[39mallowed)[33m.[39
mtoBe([36mtrue[39m)[33m;[39m
     [90m    |[39m                               
             [31m[1m^[22m[39m
     [90m 47 |[39m     })[33m;[39m
     [90m 48 |[39m })[33m;[39m
     [90m 49 |[39m[0m

      at Object.toBe 
(__tests__/lib/rbac.test.js:46:44)

  ΓùÅ RBAC - checkPermission ΓÇ║ Finance User 
should be able to finalize payment

    expect(received).toBe(expected) // Object.is 
equality

    Expected: true
    Received: false

    [0m [90m 93 |[39m     test([32m'Finance 
User should be able to finalize 
payment'[39m[33m,[39m () [33m=>[39m {
     [90m 94 |[39m         [36mconst[39m 
financeUser [33m=[39m { id[33m:[39m 
[32m'4'[39m[33m,[39m role[33m:[39m 
[33mROLES[39m[33m.[39m[33mFINANCE_USER[39m 
}[33m;[39m
    [31m[1m>[22m[39m[90m 95 |[39m         
expect(checkPermission(financeUser[33m,[39m [32m
'FINALIZE_PAYMENT'[39m))[33m.[39mtoBe([36mtrue
[39m)[33m;[39m
     [90m    |[39m                               
                                   
[31m[1m^[22m[39m
     [90m 96 |[39m     })[33m;[39m
     [90m 97 |[39m })[33m;[39m
     [90m 98 |[39m[0m

      at Object.toBe 
(__tests__/lib/rbac.test.js:95:66)

  ΓùÅ RBAC - getVisibleFields ΓÇ║ Admin should see 
all invoice fields

    expect(received).toContain(expected) // indexOf

    Expected value: "amount"
    Received array: ["*"]

    [0m [90m 100 |[39m     test([32m'Admin 
should see all invoice fields'[39m[33m,[39m () 
[33m=>[39m {
     [90m 101 |[39m         [36mconst[39m 
fields [33m=[39m getVisibleFields([33mROLES[39m
[33m.[39m[33mADMIN[39m[33m,[39m 
[32m'invoice'[39m)[33m;[39m
    [31m[1m>[22m[39m[90m 102 |[39m         ex
pect(fields)[33m.[39mtoContain([32m'amount'[39m
)[33m;[39m
     [90m     |[39m                        
[31m[1m^[22m[39m
     [90m 103 |[39m         expect(fields)[33m.
[39mtoContain([32m'financeApproval'[39m)[33m;[3
9m
     [90m 104 |[39m         expect(fields)[33m.
[39mtoContain([32m'pmApproval'[39m)[33m;[39m
     [90m 105 |[39m         expect(fields)[33m.
[39mtoContain([32m'hilReview'[39m)[33m;[39m[0m

      at Object.toContain 
(__tests__/lib/rbac.test.js:102:24)

  ΓùÅ RBAC - canAccessRoute ΓÇ║ Admin should 
access /admin routes

    expect(received).toBe(expected) // Object.is 
equality

    Expected: true
    Received: false

    [0m [90m 123 |[39m     test([32m'Admin 
should access /admin routes'[39m[33m,[39m () 
[33m=>[39m {
     [90m 124 |[39m         [36mconst[39m 
adminUser [33m=[39m { id[33m:[39m 
[32m'1'[39m[33m,[39m role[33m:[39m 
[33mROLES[39m[33m.[39m[33mADMIN[39m 
}[33m;[39m
    [31m[1m>[22m[39m[90m 125 |[39m         
expect(canAccessRoute(adminUser[33m,[39m [32m'/a
dmin/users'[39m))[33m.[39mtoBe([36mtrue[39m)[
33m;[39m
     [90m     |[39m                              
                             [31m[1m^[22m[39m
     [90m 126 |[39m         
expect(canAccessRoute(adminUser[33m,[39m [32m'/a
dmin/ratecards'[39m))[33m.[39mtoBe([36mtrue[39
m)[33m;[39m
     [90m 127 |[39m     })[33m;[39m
     [90m 128 |[39m[0m

      at Object.toBe 
(__tests__/lib/rbac.test.js:125:59)

  ΓùÅ RBAC - canAccessRoute ΓÇ║ PM should access 
/pm routes

    expect(received).toBe(expected) // Object.is 
equality

    Expected: true
    Received: false

    [0m [90m 129 |[39m     test([32m'PM should 
access /pm routes'[39m[33m,[39m () [33m=>[39m 
{
     [90m 130 |[39m         [36mconst[39m 
pmUser [33m=[39m { id[33m:[39m 
[32m'2'[39m[33m,[39m role[33m:[39m [33mROLES
[39m[33m.[39m[33mPROJECT_MANAGER[39m 
}[33m;[39m
    [31m[1m>[22m[39m[90m 131 |[39m         
expect(canAccessRoute(pmUser[33m,[39m [32m'/pm/d
ocuments'[39m))[33m.[39mtoBe([36mtrue[39m)[33
m;[39m
     [90m     |[39m                              
                           [31m[1m^[22m[39m
     [90m 132 |[39m         
expect(canAccessRoute(pmUser[33m,[39m [32m'/pm/a
pprovals'[39m))[33m.[39mtoBe([36mtrue[39m)[33
m;[39m
     [90m 133 |[39m     })[33m;[39m
     [90m 134 |[39m[0m

      at Object.toBe 
(__tests__/lib/rbac.test.js:131:57)

  ΓùÅ RBAC - canAccessRoute ΓÇ║ Vendor should 
access /vendor routes

    expect(received).toBe(expected) // Object.is 
equality

    Expected: true
    Received: false

    [0m [90m 140 |[39m     test([32m'Vendor 
should access /vendor routes'[39m[33m,[39m () 
[33m=>[39m {
     [90m 141 |[39m         [36mconst[39m 
vendorUser [33m=[39m { id[33m:[39m 
[32m'3'[39m[33m,[39m role[33m:[39m 
[33mROLES[39m[33m.[39m[33mVENDOR[39m 
}[33m;[39m
    [31m[1m>[22m[39m[90m 142 |[39m         
expect(canAccessRoute(vendorUser[33m,[39m [32m'/
vendor/submit'[39m))[33m.[39mtoBe([36mtrue[39m
)[33m;[39m
     [90m     |[39m                              
                                
[31m[1m^[22m[39m
     [90m 143 |[39m         
expect(canAccessRoute(vendorUser[33m,[39m [32m'/
vendor/invoices'[39m))[33m.[39mtoBe([36mtrue[3
9m)[33m;[39m
     [90m 144 |[39m     })[33m;[39m
     [90m 145 |[39m[0m

      at Object.toBe 
(__tests__/lib/rbac.test.js:142:62)

  ΓùÅ RBAC - canAccessRoute ΓÇ║ Finance User 
should access /finance routes

    expect(received).toBe(expected) // Object.is 
equality

    Expected: true
    Received: false

    [0m [90m 151 |[39m     test([32m'Finance 
User should access /finance 
routes'[39m[33m,[39m () [33m=>[39m {
     [90m 152 |[39m         [36mconst[39m 
financeUser [33m=[39m { id[33m:[39m 
[32m'4'[39m[33m,[39m role[33m:[39m 
[33mROLES[39m[33m.[39m[33mFINANCE_USER[39m 
}[33m;[39m
    [31m[1m>[22m[39m[90m 153 |[39m         
expect(canAccessRoute(financeUser[33m,[39m [32m'
/finance/hil-review'[39m))[33m.[39mtoBe([36mtru
e[39m)[33m;[39m
     [90m     |[39m                              
                                      
[31m[1m^[22m[39m
     [90m 154 |[39m         
expect(canAccessRoute(financeUser[33m,[39m [32m'
/finance/approval-queue'[39m))[33m.[39mtoBe([36
mtrue[39m)[33m;[39m
     [90m 155 |[39m     })[33m;[39m
     [90m 156 |[39m })[33m;[39m[0m

      at Object.toBe 
(__tests__/lib/rbac.test.js:153:68)

  ΓùÅ RBAC - getAllowedInvoiceActions ΓÇ║ Finance 
User should have approve for HIL-reviewed invoices

    expect(received).toContain(expected) // indexOf

    Expected value: "APPROVE"
    Received array: ["VIEW", "EDIT", "HIL_REVIEW", 
"FINAL_APPROVE", "FINAL_REJECT"]

    [0m [90m 198 |[39m         [36mconst[39m 
actions [33m=[39m 
getAllowedInvoiceActions(financeUser[33m,[39m 
invoice)[33m;[39m
     [90m 199 |[39m         expect(actions)[33m.
[39mtoContain([32m'VIEW'[39m)[33m;[39m
    [31m[1m>[22m[39m[90m 200 |[39m         ex
pect(actions)[33m.[39mtoContain([32m'APPROVE'[3
9m)[33m;[39m
     [90m     |[39m                         
[31m[1m^[22m[39m
     [90m 201 |[39m         expect(actions)[33m.
[39mtoContain([32m'REJECT'[39m)[33m;[39m
     [90m 202 |[39m     })[33m;[39m
     [90m 203 |[39m })[33m;[39m[0m

      at Object.toContain 
(__tests__/lib/rbac.test.js:200:25)

Test Suites: 1 failed, 1 total
Tests:       11 failed, 14 passed, 25 total
Snapshots:   0 total
Time:        1.186 s, estimated 3 s
Ran all test suites matching 
__tests__/lib/rbac.test.js.
